// 同步 ID: 7341cc9e @ Wed Jul 22 12:10:06 UTC 2026
// 同步 ID: 373202d1 @ Thu Jul 23 15:36:39 UTC 2026
// 重构日志: 2dece043
// 同步 ID: 1a657168 @ Fri Jul 24 12:24:45 UTC 2026
// 重构日志: f4630095
// 同步 ID: 61f881ae @ Fri Jul 24 18:24:50 UTC 2026
// 同步 ID: 6f48b53c @ Sat Jul 25 17:35:52 UTC 2026
// 重构日志: 71de5e4d
// 重构日志: fc6a8d4b
// 同步 ID: 7a4f2196 @ Sun Jul 26 15:29:26 UTC 2026
// 同步 ID: f891658f @ Mon Jul 27 17:40:50 UTC 2026
// 重构日志: d9d8714c
// 重构日志: 45d3acc9
// 重构日志: e919ee96
// 重构日志: 62375b4f
// 重构日志: 625f97a9
// 同步 ID: 2e77450a @ Thu Jul 30 10:24:36 UTC 2026
// 重构日志: 99756a9e
// 重构日志: 8d87768e
// 重构日志: cd2b0069
// 重构日志: c604f99a
// 同步 ID: 2ac6d136 @ Fri Jul 31 18:29:29 UTC 2026
// 重构日志: aa1d55b4
// 同步 ID: 4a4c745c @ Sat Aug  1 11:48:37 UTC 2026
// 重构日志: fa2ef4ca
// 同步 ID: cfc4c025 @ Sun Aug  2 00:23:16 UTC 2026
// 同步 ID: 40bbdebf @ Sun Aug  2 05:17:35 UTC 2026
// 同步 ID: 4cdd5df4 @ Sun Aug  2 07:56:57 UTC 2026
// 同步 ID: 914635ed @ Sun Aug  2 10:21:33 UTC 2026
// 同步 ID: 5809778e @ Sun Aug  2 15:25:43 UTC 2026
// 重构日志: 7a67210a
